// Jest Snapshot v1, https://jestjs.io/docs/snapshot-testing

exports[`ForgotPasswordPage renders correctly 1`] = `
<DocumentFragment>
  <div>
    <div
      data-testid="auth-template-form"
    >
      <form
        class="space-y-4"
        data-testid="forgot-password-form"
      >
        <div
          class="space-y-2"
        >
          <label
            for="email"
          >
            form.email.label
          </label>
          <input
            data-testid="email-input"
            id="email"
            placeholder="form.email.placeholder"
            required=""
            type="email"
            value=""
          />
        </div>
        <button
          class="w-full"
          data-testid="submit-button"
          type="submit"
        >
          form.button.send
        </button>
      </form>
    </div>
  </div>
</DocumentFragment>
`;
